
CondaError: Run 'conda init' before 'conda deactivate'

W0820 00:38:41.924000 972543 /storage/ice1/5/1/cman8/conda_env/chakra_fx/lib/python3.13/site-packages/torch/distributed/run.py:803] 
W0820 00:38:41.924000 972543 /storage/ice1/5/1/cman8/conda_env/chakra_fx/lib/python3.13/site-packages/torch/distributed/run.py:803] *****************************************
W0820 00:38:41.924000 972543 /storage/ice1/5/1/cman8/conda_env/chakra_fx/lib/python3.13/site-packages/torch/distributed/run.py:803] Setting OMP_NUM_THREADS environment variable for each process to be 1 in default, to avoid your system being overloaded, please further tune the variable for optimal performance in your application as needed. 
W0820 00:38:41.924000 972543 /storage/ice1/5/1/cman8/conda_env/chakra_fx/lib/python3.13/site-packages/torch/distributed/run.py:803] *****************************************
W0820 00:38:41.924000 1133434 /storage/ice1/5/1/cman8/conda_env/chakra_fx/lib/python3.13/site-packages/torch/distributed/run.py:803] 
W0820 00:38:41.924000 1133434 /storage/ice1/5/1/cman8/conda_env/chakra_fx/lib/python3.13/site-packages/torch/distributed/run.py:803] *****************************************
W0820 00:38:41.924000 1133434 /storage/ice1/5/1/cman8/conda_env/chakra_fx/lib/python3.13/site-packages/torch/distributed/run.py:803] Setting OMP_NUM_THREADS environment variable for each process to be 1 in default, to avoid your system being overloaded, please further tune the variable for optimal performance in your application as needed. 
W0820 00:38:41.924000 1133434 /storage/ice1/5/1/cman8/conda_env/chakra_fx/lib/python3.13/site-packages/torch/distributed/run.py:803] *****************************************
W0820 00:38:41.963000 1118146 /storage/ice1/5/1/cman8/conda_env/chakra_fx/lib/python3.13/site-packages/torch/distributed/run.py:803] 
W0820 00:38:41.963000 1118146 /storage/ice1/5/1/cman8/conda_env/chakra_fx/lib/python3.13/site-packages/torch/distributed/run.py:803] *****************************************
W0820 00:38:41.963000 1118146 /storage/ice1/5/1/cman8/conda_env/chakra_fx/lib/python3.13/site-packages/torch/distributed/run.py:803] Setting OMP_NUM_THREADS environment variable for each process to be 1 in default, to avoid your system being overloaded, please further tune the variable for optimal performance in your application as needed. 
W0820 00:38:41.963000 1118146 /storage/ice1/5/1/cman8/conda_env/chakra_fx/lib/python3.13/site-packages/torch/distributed/run.py:803] *****************************************
[E820 00:39:19.255366943 socket.cpp:1031] [c10d] The client socket has timed out after 60000ms while trying to connect to (atl1-1-03-012-3-0, 27380).
[W820 00:39:19.293186732 TCPStore.cpp:340] [c10d] TCP client failed to connect/validate to host atl1-1-03-012-3-0:27380 - retrying (try=0, timeout=60000ms, delay=39426ms): The client socket has timed out after 60000ms while trying to connect to (atl1-1-03-012-3-0, 27380).
Exception raised from throwTimeoutError at /pytorch/torch/csrc/distributed/c10d/socket.cpp:1033 (most recent call first):
frame #0: c10::Error::Error(c10::SourceLocation, std::__cxx11::basic_string<char, std::char_traits<char>, std::allocator<char> >) + 0x80 (0x1554cd9a6c30 in /home/hice1/cman8/conda_env/chakra_fx/lib/python3.13/site-packages/torch/lib/libc10.so)
frame #1: <unknown function> + 0x5fe9451 (0x15552adc8451 in /home/hice1/cman8/conda_env/chakra_fx/lib/python3.13/site-packages/torch/lib/libtorch_cpu.so)
frame #2: <unknown function> + 0x148e5da (0x15552626d5da in /home/hice1/cman8/conda_env/chakra_fx/lib/python3.13/site-packages/torch/lib/libtorch_cpu.so)
frame #3: <unknown function> + 0x605efcb (0x15552ae3dfcb in /home/hice1/cman8/conda_env/chakra_fx/lib/python3.13/site-packages/torch/lib/libtorch_cpu.so)
frame #4: <unknown function> + 0x605f16b (0x15552ae3e16b in /home/hice1/cman8/conda_env/chakra_fx/lib/python3.13/site-packages/torch/lib/libtorch_cpu.so)
frame #5: <unknown function> + 0x605f504 (0x15552ae3e504 in /home/hice1/cman8/conda_env/chakra_fx/lib/python3.13/site-packages/torch/lib/libtorch_cpu.so)
frame #6: <unknown function> + 0x5fe1d23 (0x15552adc0d23 in /home/hice1/cman8/conda_env/chakra_fx/lib/python3.13/site-packages/torch/lib/libtorch_cpu.so)
frame #7: c10d::TCPStore::TCPStore(std::__cxx11::basic_string<char, std::char_traits<char>, std::allocator<char> >, c10d::TCPStoreOptions const&) + 0x41d (0x15552adc774d in /home/hice1/cman8/conda_env/chakra_fx/lib/python3.13/site-packages/torch/lib/libtorch_cpu.so)
frame #8: <unknown function> + 0xc426b5 (0x15553a3956b5 in /home/hice1/cman8/conda_env/chakra_fx/lib/python3.13/site-packages/torch/lib/libtorch_python.so)
frame #9: <unknown function> + 0xc7b4f6 (0x15553a3ce4f6 in /home/hice1/cman8/conda_env/chakra_fx/lib/python3.13/site-packages/torch/lib/libtorch_python.so)
frame #10: <unknown function> + 0x384772 (0x155539ad7772 in /home/hice1/cman8/conda_env/chakra_fx/lib/python3.13/site-packages/torch/lib/libtorch_python.so)
frame #11: /home/hice1/cman8/conda_env/chakra_fx/bin/python() [0x59736d]
frame #12: _PyObject_MakeTpCall + 0x2c4 (0x55ada4 in /home/hice1/cman8/conda_env/chakra_fx/bin/python)
frame #13: /home/hice1/cman8/conda_env/chakra_fx/bin/python() [0x5eba5b]
frame #14: /home/hice1/cman8/conda_env/chakra_fx/bin/python() [0x6946c2]
frame #15: /home/hice1/cman8/conda_env/chakra_fx/bin/python() [0x5b5733]
frame #16: /home/hice1/cman8/conda_env/chakra_fx/bin/python() [0x55b3f8]
frame #17: <unknown function> + 0x3829cb (0x155539ad59cb in /home/hice1/cman8/conda_env/chakra_fx/lib/python3.13/site-packages/torch/lib/libtorch_python.so)
frame #18: _PyObject_MakeTpCall + 0x2c4 (0x55ada4 in /home/hice1/cman8/conda_env/chakra_fx/bin/python)
frame #19: _PyEval_EvalFrameDefault + 0x96a0 (0x57aff0 in /home/hice1/cman8/conda_env/chakra_fx/bin/python)
frame #20: /home/hice1/cman8/conda_env/chakra_fx/bin/python() [0x55d862]
frame #21: /home/hice1/cman8/conda_env/chakra_fx/bin/python() [0x6d5a0b]
frame #22: /home/hice1/cman8/conda_env/chakra_fx/bin/python() [0x694655]
frame #23: _PyEval_EvalFrameDefault + 0x4e79 (0x5767c9 in /home/hice1/cman8/conda_env/chakra_fx/bin/python)
frame #24: PyEval_EvalCode + 0x3b8 (0x68bcb8 in /home/hice1/cman8/conda_env/chakra_fx/bin/python)
frame #25: /home/hice1/cman8/conda_env/chakra_fx/bin/python() [0x62640e]
frame #26: /home/hice1/cman8/conda_env/chakra_fx/bin/python() [0x6c1e40]
frame #27: /home/hice1/cman8/conda_env/chakra_fx/bin/python() [0x6c1adb]
frame #28: /home/hice1/cman8/conda_env/chakra_fx/bin/python() [0x6c190b]
frame #29: Py_RunMain + 0x377 (0x6bff47 in /home/hice1/cman8/conda_env/chakra_fx/bin/python)
frame #30: Py_BytesMain + 0x39 (0x67fa99 in /home/hice1/cman8/conda_env/chakra_fx/bin/python)
frame #31: <unknown function> + 0x295d0 (0x1555552295d0 in /lib64/libc.so.6)
frame #32: __libc_start_main + 0x80 (0x155555229680 in /lib64/libc.so.6)
frame #33: /home/hice1/cman8/conda_env/chakra_fx/bin/python() [0x67ecd2]

[E820 00:39:19.369984901 socket.cpp:1031] [c10d] The client socket has timed out after 60000ms while trying to connect to (atl1-1-03-012-3-0, 27380).
[W820 00:39:19.374079289 TCPStore.cpp:340] [c10d] TCP client failed to connect/validate to host atl1-1-03-012-3-0:27380 - retrying (try=0, timeout=60000ms, delay=35085ms): The client socket has timed out after 60000ms while trying to connect to (atl1-1-03-012-3-0, 27380).
Exception raised from throwTimeoutError at /pytorch/torch/csrc/distributed/c10d/socket.cpp:1033 (most recent call first):
frame #0: c10::Error::Error(c10::SourceLocation, std::__cxx11::basic_string<char, std::char_traits<char>, std::allocator<char> >) + 0x80 (0x1554cd9a6c30 in /home/hice1/cman8/conda_env/chakra_fx/lib/python3.13/site-packages/torch/lib/libc10.so)
frame #1: <unknown function> + 0x5fe9451 (0x15552adc8451 in /home/hice1/cman8/conda_env/chakra_fx/lib/python3.13/site-packages/torch/lib/libtorch_cpu.so)
frame #2: <unknown function> + 0x148e5da (0x15552626d5da in /home/hice1/cman8/conda_env/chakra_fx/lib/python3.13/site-packages/torch/lib/libtorch_cpu.so)
frame #3: <unknown function> + 0x605efcb (0x15552ae3dfcb in /home/hice1/cman8/conda_env/chakra_fx/lib/python3.13/site-packages/torch/lib/libtorch_cpu.so)
frame #4: <unknown function> + 0x605f16b (0x15552ae3e16b in /home/hice1/cman8/conda_env/chakra_fx/lib/python3.13/site-packages/torch/lib/libtorch_cpu.so)
frame #5: <unknown function> + 0x605f504 (0x15552ae3e504 in /home/hice1/cman8/conda_env/chakra_fx/lib/python3.13/site-packages/torch/lib/libtorch_cpu.so)
frame #6: <unknown function> + 0x5fe1d23 (0x15552adc0d23 in /home/hice1/cman8/conda_env/chakra_fx/lib/python3.13/site-packages/torch/lib/libtorch_cpu.so)
frame #7: c10d::TCPStore::TCPStore(std::__cxx11::basic_string<char, std::char_traits<char>, std::allocator<char> >, c10d::TCPStoreOptions const&) + 0x41d (0x15552adc774d in /home/hice1/cman8/conda_env/chakra_fx/lib/python3.13/site-packages/torch/lib/libtorch_cpu.so)
frame #8: <unknown function> + 0xc426b5 (0x15553a3956b5 in /home/hice1/cman8/conda_env/chakra_fx/lib/python3.13/site-packages/torch/lib/libtorch_python.so)
frame #9: <unknown function> + 0xc7b4f6 (0x15553a3ce4f6 in /home/hice1/cman8/conda_env/chakra_fx/lib/python3.13/site-packages/torch/lib/libtorch_python.so)
frame #10: <unknown function> + 0x384772 (0x155539ad7772 in /home/hice1/cman8/conda_env/chakra_fx/lib/python3.13/site-packages/torch/lib/libtorch_python.so)
frame #11: /home/hice1/cman8/conda_env/chakra_fx/bin/python() [0x59736d]
frame #12: _PyObject_MakeTpCall + 0x2c4 (0x55ada4 in /home/hice1/cman8/conda_env/chakra_fx/bin/python)
frame #13: /home/hice1/cman8/conda_env/chakra_fx/bin/python() [0x5eba5b]
frame #14: /home/hice1/cman8/conda_env/chakra_fx/bin/python() [0x6946c2]
frame #15: /home/hice1/cman8/conda_env/chakra_fx/bin/python() [0x5b5733]
frame #16: /home/hice1/cman8/conda_env/chakra_fx/bin/python() [0x55b3f8]
frame #17: <unknown function> + 0x3829cb (0x155539ad59cb in /home/hice1/cman8/conda_env/chakra_fx/lib/python3.13/site-packages/torch/lib/libtorch_python.so)
frame #18: _PyObject_MakeTpCall + 0x2c4 (0x55ada4 in /home/hice1/cman8/conda_env/chakra_fx/bin/python)
frame #19: _PyEval_EvalFrameDefault + 0x96a0 (0x57aff0 in /home/hice1/cman8/conda_env/chakra_fx/bin/python)
frame #20: /home/hice1/cman8/conda_env/chakra_fx/bin/python() [0x55d862]
frame #21: /home/hice1/cman8/conda_env/chakra_fx/bin/python() [0x6d5a0b]
frame #22: /home/hice1/cman8/conda_env/chakra_fx/bin/python() [0x694655]
frame #23: _PyEval_EvalFrameDefault + 0x4e79 (0x5767c9 in /home/hice1/cman8/conda_env/chakra_fx/bin/python)
frame #24: PyEval_EvalCode + 0x3b8 (0x68bcb8 in /home/hice1/cman8/conda_env/chakra_fx/bin/python)
frame #25: /home/hice1/cman8/conda_env/chakra_fx/bin/python() [0x62640e]
frame #26: /home/hice1/cman8/conda_env/chakra_fx/bin/python() [0x6c1e40]
frame #27: /home/hice1/cman8/conda_env/chakra_fx/bin/python() [0x6c1adb]
frame #28: /home/hice1/cman8/conda_env/chakra_fx/bin/python() [0x6c190b]
frame #29: Py_RunMain + 0x377 (0x6bff47 in /home/hice1/cman8/conda_env/chakra_fx/bin/python)
frame #30: Py_BytesMain + 0x39 (0x67fa99 in /home/hice1/cman8/conda_env/chakra_fx/bin/python)
frame #31: <unknown function> + 0x295d0 (0x1555552295d0 in /lib64/libc.so.6)
frame #32: __libc_start_main + 0x80 (0x155555229680 in /lib64/libc.so.6)
frame #33: /home/hice1/cman8/conda_env/chakra_fx/bin/python() [0x67ecd2]

[E820 00:39:26.375217954 socket.cpp:1031] [c10d] The client socket has timed out after 60000ms while trying to connect to (atl1-1-03-012-3-0, 27380).
[W820 00:39:26.378249743 TCPStore.cpp:340] [c10d] TCP client failed to connect/validate to host atl1-1-03-012-3-0:27380 - retrying (try=0, timeout=60000ms, delay=41566ms): The client socket has timed out after 60000ms while trying to connect to (atl1-1-03-012-3-0, 27380).
Exception raised from throwTimeoutError at /pytorch/torch/csrc/distributed/c10d/socket.cpp:1033 (most recent call first):
frame #0: c10::Error::Error(c10::SourceLocation, std::__cxx11::basic_string<char, std::char_traits<char>, std::allocator<char> >) + 0x80 (0x1554cd9a6c30 in /home/hice1/cman8/conda_env/chakra_fx/lib/python3.13/site-packages/torch/lib/libc10.so)
frame #1: <unknown function> + 0x5fe9451 (0x15552adc8451 in /home/hice1/cman8/conda_env/chakra_fx/lib/python3.13/site-packages/torch/lib/libtorch_cpu.so)
frame #2: <unknown function> + 0x148e5da (0x15552626d5da in /home/hice1/cman8/conda_env/chakra_fx/lib/python3.13/site-packages/torch/lib/libtorch_cpu.so)
frame #3: <unknown function> + 0x605efcb (0x15552ae3dfcb in /home/hice1/cman8/conda_env/chakra_fx/lib/python3.13/site-packages/torch/lib/libtorch_cpu.so)
frame #4: <unknown function> + 0x605f16b (0x15552ae3e16b in /home/hice1/cman8/conda_env/chakra_fx/lib/python3.13/site-packages/torch/lib/libtorch_cpu.so)
frame #5: <unknown function> + 0x605f504 (0x15552ae3e504 in /home/hice1/cman8/conda_env/chakra_fx/lib/python3.13/site-packages/torch/lib/libtorch_cpu.so)
frame #6: <unknown function> + 0x5fe1d23 (0x15552adc0d23 in /home/hice1/cman8/conda_env/chakra_fx/lib/python3.13/site-packages/torch/lib/libtorch_cpu.so)
frame #7: c10d::TCPStore::TCPStore(std::__cxx11::basic_string<char, std::char_traits<char>, std::allocator<char> >, c10d::TCPStoreOptions const&) + 0x41d (0x15552adc774d in /home/hice1/cman8/conda_env/chakra_fx/lib/python3.13/site-packages/torch/lib/libtorch_cpu.so)
frame #8: <unknown function> + 0xc426b5 (0x15553a3956b5 in /home/hice1/cman8/conda_env/chakra_fx/lib/python3.13/site-packages/torch/lib/libtorch_python.so)
frame #9: <unknown function> + 0xc7b4f6 (0x15553a3ce4f6 in /home/hice1/cman8/conda_env/chakra_fx/lib/python3.13/site-packages/torch/lib/libtorch_python.so)
frame #10: <unknown function> + 0x384772 (0x155539ad7772 in /home/hice1/cman8/conda_env/chakra_fx/lib/python3.13/site-packages/torch/lib/libtorch_python.so)
frame #11: /home/hice1/cman8/conda_env/chakra_fx/bin/python() [0x59736d]
frame #12: _PyObject_MakeTpCall + 0x2c4 (0x55ada4 in /home/hice1/cman8/conda_env/chakra_fx/bin/python)
frame #13: /home/hice1/cman8/conda_env/chakra_fx/bin/python() [0x5eba5b]
frame #14: /home/hice1/cman8/conda_env/chakra_fx/bin/python() [0x6946c2]
frame #15: /home/hice1/cman8/conda_env/chakra_fx/bin/python() [0x5b5733]
frame #16: /home/hice1/cman8/conda_env/chakra_fx/bin/python() [0x55b3f8]
frame #17: <unknown function> + 0x3829cb (0x155539ad59cb in /home/hice1/cman8/conda_env/chakra_fx/lib/python3.13/site-packages/torch/lib/libtorch_python.so)
frame #18: _PyObject_MakeTpCall + 0x2c4 (0x55ada4 in /home/hice1/cman8/conda_env/chakra_fx/bin/python)
frame #19: _PyEval_EvalFrameDefault + 0x96a0 (0x57aff0 in /home/hice1/cman8/conda_env/chakra_fx/bin/python)
frame #20: /home/hice1/cman8/conda_env/chakra_fx/bin/python() [0x55d862]
frame #21: /home/hice1/cman8/conda_env/chakra_fx/bin/python() [0x6d5a0b]
frame #22: /home/hice1/cman8/conda_env/chakra_fx/bin/python() [0x694655]
frame #23: _PyEval_EvalFrameDefault + 0x4e79 (0x5767c9 in /home/hice1/cman8/conda_env/chakra_fx/bin/python)
frame #24: PyEval_EvalCode + 0x3b8 (0x68bcb8 in /home/hice1/cman8/conda_env/chakra_fx/bin/python)
frame #25: /home/hice1/cman8/conda_env/chakra_fx/bin/python() [0x62640e]
frame #26: /home/hice1/cman8/conda_env/chakra_fx/bin/python() [0x6c1e40]
frame #27: /home/hice1/cman8/conda_env/chakra_fx/bin/python() [0x6c1adb]
frame #28: /home/hice1/cman8/conda_env/chakra_fx/bin/python() [0x6c190b]
frame #29: Py_RunMain + 0x377 (0x6bff47 in /home/hice1/cman8/conda_env/chakra_fx/bin/python)
frame #30: Py_BytesMain + 0x39 (0x67fa99 in /home/hice1/cman8/conda_env/chakra_fx/bin/python)
frame #31: <unknown function> + 0x295d0 (0x1555552295d0 in /lib64/libc.so.6)
frame #32: __libc_start_main + 0x80 (0x155555229680 in /lib64/libc.so.6)
frame #33: /home/hice1/cman8/conda_env/chakra_fx/bin/python() [0x67ecd2]

W0820 00:39:37.625000 803821 /storage/ice1/5/1/cman8/conda_env/chakra_fx/lib/python3.13/site-packages/torch/distributed/run.py:803] 
W0820 00:39:37.625000 803821 /storage/ice1/5/1/cman8/conda_env/chakra_fx/lib/python3.13/site-packages/torch/distributed/run.py:803] *****************************************
W0820 00:39:37.625000 803821 /storage/ice1/5/1/cman8/conda_env/chakra_fx/lib/python3.13/site-packages/torch/distributed/run.py:803] Setting OMP_NUM_THREADS environment variable for each process to be 1 in default, to avoid your system being overloaded, please further tune the variable for optimal performance in your application as needed. 
W0820 00:39:37.625000 803821 /storage/ice1/5/1/cman8/conda_env/chakra_fx/lib/python3.13/site-packages/torch/distributed/run.py:803] *****************************************
W0820 00:41:43.367000 972543 /storage/ice1/5/1/cman8/conda_env/chakra_fx/lib/python3.13/site-packages/torch/distributed/elastic/rendezvous/dynamic_rendezvous.py:1341] The node 'atl1-1-03-013-3-0.pace.gatech.edu_972543_0' has failed to send a keep-alive heartbeat to the rendezvous '2755380' due to an error of type RendezvousTimeoutError.
W0820 00:41:43.367000 1118146 /storage/ice1/5/1/cman8/conda_env/chakra_fx/lib/python3.13/site-packages/torch/distributed/elastic/rendezvous/dynamic_rendezvous.py:1341] The node 'atl1-1-03-013-13-0.pace.gatech.edu_1118146_0' has failed to send a keep-alive heartbeat to the rendezvous '2755380' due to an error of type RendezvousTimeoutError.
